🎵 Celeste Backend running in development mode on port 3001
[ytDlpService] Intentando resolver stream sin cookies para el Video ID: dQw4w9WgXcQ
[ytDlpService] Intentando resolver stream sin cookies para el Video ID: dQw4w9WgXcQ
[ytDlpService] Intentando resolver stream sin cookies para el Video ID: dQw4w9WgXcQ
